// Jest Snapshot v1, https://goo.gl/fbAQLP

exports[`renders NotFoundPage correctly 1`] = `
<div>
  404 Not Found! - 
  <Link
    replace={false}
    to="/"
  >
    Home Page
  </Link>
</div>
`;
